// Jest Snapshot v1, https://goo.gl/fbAQLP

exports[`Render app component 1`] = `
<div
  className="App"
>
  <p>
    Hello app
  </p>
</div>
`;
